components/DSAVisualizer3D.tsx(89,11): error TS2322: Type '{ children: Element; geometry: BufferGeometry<NormalBufferAttributes, BufferGeometryEventMap>; }' is not assignable to type 'SVGLineElementAttributes<SVGLineElement>'.
  Property 'geometry' does not exist on type 'SVGLineElementAttributes<SVGLineElement>'.
components/institution/PostSelectionModal.tsx(144,42): error TS2339: Property 'hasSub' does not exist on type '{ id: string; title: string; desc: string; icon: Element; color: string; }'.
components/institution/Topbar.tsx(13,50): error TS2339: Property 'displayName' does not exist on type 'User'.
components/judge/JudgeSidebar.tsx(74,32): error TS2339: Property 'name' does not exist on type 'User'.
components/judge/JudgeSidebar.tsx(77,90): error TS2339: Property 'name' does not exist on type 'User'.
pages/admin/courses/CourseManagement.tsx(752,81): error TS2322: Type '{ children: string; z: true; type: "button"; onClick: () => void; className: string; title: string; }' is not assignable to type 'DetailedHTMLProps<ButtonHTMLAttributes<HTMLButtonElement>, HTMLButtonElement>'.
  Property 'z' does not exist on type 'DetailedHTMLProps<ButtonHTMLAttributes<HTMLButtonElement>, HTMLButtonElement>'.
pages/Cart.tsx(24,24): error TS2339: Property 'uid' does not exist on type 'User'.
pages/CompanyModules.tsx(334,9): error TS2322: Type '"iOS / Systems"' is not assignable to type '"System Design" | "Core CS" | "Language" | "Cloud"'.
pages/CompanyModules.tsx(380,9): error TS2322: Type '"Distributed Systems"' is not assignable to type '"System Design" | "Core CS" | "Language" | "Cloud"'.
pages/CompanyModules.tsx(426,9): error TS2322: Type '"Architecture"' is not assignable to type '"System Design" | "Core CS" | "Language" | "Cloud"'.
pages/CourseDetail.tsx(65,24): error TS2339: Property 'uid' does not exist on type 'User'.
pages/CoursePlayer.tsx(190,104): error TS2339: Property 'uid' does not exist on type 'User'.
pages/CoursePlayer.tsx(193,109): error TS2339: Property 'uid' does not exist on type 'User'.
pages/CoursePlayer.tsx(316,45): error TS2339: Property 'uid' does not exist on type 'User'.
pages/CoursePlayer.tsx(349,47): error TS2339: Property 'uid' does not exist on type 'User'.
pages/CoursePlayer.tsx(1143,48): error TS2339: Property 'uid' does not exist on type 'User'.
pages/CoursePlayer.tsx(1250,56): error TS2339: Property 'uid' does not exist on type 'User'.
pages/Courses.tsx(152,24): error TS2339: Property 'uid' does not exist on type 'User'.
pages/DashboardHome.tsx(292,59): error TS2339: Property 'displayName' does not exist on type 'User'.
pages/events/EventHub.tsx(7,25): error TS2307: Cannot find module '../opportunities/components/TeamManager' or its corresponding type declarations.
pages/events/EventHub.tsx(321,61): error TS2339: Property 'team_leader_id' does not exist on type 'ITeam'.
pages/institution-dashboard/components/JudgeAssignment.tsx(38,5): error TS2339: Property 'availableJudges' does not exist on type 'JudgeAssignmentProps'.
pages/institution-dashboard/components/JudgeAssignment.tsx(82,37): error TS2322: Type 'unknown' is not assignable to type 'Key'.
pages/institution-dashboard/components/JudgeAssignment.tsx(82,48): error TS2322: Type 'unknown' is not assignable to type 'string | number | readonly string[]'.
pages/institution-dashboard/components/JudgeAssignment.tsx(82,61): error TS2322: Type 'unknown' is not assignable to type 'ReactNode'.
pages/institution-dashboard/components/StageBuilder.tsx(42,74): error TS2339: Property 'status' does not exist on type 'IStage'.
pages/institution-dashboard/components/StageBuilder.tsx(66,13): error TS2353: Object literal may only specify known properties, and 'status' does not exist in type 'IStage'.
pages/institution-dashboard/components/StageBuilder.tsx(84,29): error TS2339: Property 'status' does not exist on type '{ id: string; name: string; type: string; description: string; start_date: string; end_date: string; config?: IStageConfig; }'.
pages/institution-dashboard/components/StageBuilder.tsx(153,51): error TS2339: Property 'status' does not exist on type 'IStage'.
pages/institution-dashboard/components/StageBuilder.tsx(155,52): error TS2339: Property 'status' does not exist on type 'IStage'.
pages/institution-dashboard/components/StageBuilder.tsx(232,66): error TS2339: Property 'roundMode' does not exist on type 'IStage'.
pages/institution-dashboard/components/StageBuilder.tsx(233,94): error TS2353: Object literal may only specify known properties, and 'roundMode' does not exist in type 'Partial<IStage>'.
pages/institution-dashboard/components/StageBuilder.tsx(269,100): error TS2353: Object literal may only specify known properties, and 'visibility' does not exist in type 'Partial<IStage>'.
pages/institution-dashboard/components/StageBuilder.tsx(271,71): error TS2339: Property 'visibility' does not exist on type 'IStage'.
pages/institution-dashboard/components/StageBuilder.tsx(314,89): error TS2339: Property 'judgeIds' does not exist on type 'IStageConfig'.
pages/institution-dashboard/components/StageBuilder.tsx(316,96): error TS2353: Object literal may only specify known properties, and 'judgeIds' does not exist in type 'IStageConfig'.
pages/institution-dashboard/components/StageBuilder.tsx(348,86): error TS2339: Property 'pass_mark' does not exist on type 'IStageConfig'.
pages/institution-dashboard/components/StageBuilder.tsx(351,108): error TS2353: Object literal may only specify known properties, and 'pass_mark' does not exist in type 'IStageConfig'.
pages/institution-dashboard/EventDetails.tsx(148,56): error TS2339: Property 'type' does not exist on type 'IEvent'.
pages/institution-dashboard/EventDetails.tsx(149,39): error TS2339: Property 'name' does not exist on type 'IEvent'.
pages/institution-dashboard/EventDetails.tsx(450,52): error TS2339: Property 'pass_mark' does not exist on type 'IStageConfig'.
pages/institution-dashboard/EventDetails.tsx(528,31): error TS2339: Property 'institution_id' does not exist on type 'IEvent'.
pages/institution-dashboard/EventDetails.tsx(642,52): error TS2339: Property 'institution_id' does not exist on type 'IEvent'.
pages/institution-dashboard/EventDetails.tsx(1710,111): error TS2339: Property 'name' does not exist on type 'IEvent'.
pages/institution-dashboard/EventDetails.tsx(2206,270): error TS2339: Property 'participant_count' does not exist on type 'IEvent'.
pages/institution-dashboard/InstitutionDashboard.tsx(174,41): error TS2322: Type '{ institutionId: string; }' is not assignable to type 'IntrinsicAttributes'.
  Property 'institutionId' does not exist on type 'IntrinsicAttributes'.
pages/institution-dashboard/InstitutionDashboard.tsx(195,39): error TS2322: Type '{ institutionId: string; onNavigate: Dispatch<SetStateAction<string>>; }' is not assignable to type 'IntrinsicAttributes & DownloadsPageProps'.
  Property 'institutionId' does not exist on type 'IntrinsicAttributes & DownloadsPageProps'.
pages/institution-dashboard/InstitutionDashboard.tsx(368,17): error TS2322: Type '{ isOpen: boolean; onClose: () => void; institutionId: string; }' is not assignable to type 'IntrinsicAttributes & ContactConsultationDrawerProps'.
  Property 'institutionId' does not exist on type 'IntrinsicAttributes & ContactConsultationDrawerProps'.
pages/institution-dashboard/judge/JudgeDashboard.tsx(186,77): error TS2339: Property 'name' does not exist on type 'User'.
pages/institution-dashboard/judge/JudgeDashboard.tsx(311,51): error TS2362: The left-hand side of an arithmetic operation must be of type 'any', 'number', 'bigint' or an enum type.
pages/institution-dashboard/OpportunitiesManagement.tsx(382,112): error TS2339: Property 'organisation' does not exist on type 'Event'.
pages/MyCourses.tsx(39,24): error TS2339: Property 'uid' does not exist on type 'User'.
pages/MyCourses.tsx(230,81): error TS2339: Property 'uid' does not exist on type 'User'.
pages/opportunities/OpportunityDetails.tsx(98,40): error TS2339: Property 'name' does not exist on type 'User'.
pages/opportunities/OpportunityDetails.tsx(128,44): error TS2339: Property 'name' does not exist on type 'User'.
pages/opportunities/OpportunityDetails.tsx(277,64): error TS2339: Property 'name' does not exist on type 'User'.
pages/opportunities/OpportunityDetails.tsx(291,52): error TS2339: Property 'name' does not exist on type 'User'.
pages/opportunities/OpportunityDetails.tsx(705,41): error TS2367: This comparison appears to be unintentional because the types '"details" | "prizes" | "dates" | "reviews" | "faq"' and '"submissions"' have no overlap.
pages/opportunities/OpportunityDetails.tsx(715,45): error TS2367: This comparison appears to be unintentional because the types '"details" | "prizes" | "dates" | "reviews" | "faq"' and '"leaderboard"' have no overlap.
pages/PartnerDashboard.tsx(198,28): error TS2304: Cannot find name 'signOut'.
pages/PartnerDashboard.tsx(198,36): error TS2304: Cannot find name 'auth'.
pages/ResumeBuilder.tsx(571,24): error TS2339: Property 'uid' does not exist on type 'User'.
pages/ResumeBuilder.tsx(573,76): error TS2339: Property 'uid' does not exist on type 'User'.
pages/ResumeBuilder.tsx(643,15): error TS2339: Property 'uid' does not exist on type 'User'.
pages/ResumeBuilder.tsx(647,20): error TS2339: Property 'uid' does not exist on type 'User'.
pages/ResumeBuilder.tsx(650,60): error TS2339: Property 'uid' does not exist on type 'User'.
pages/ResumeBuilder.tsx(836,72): error TS2339: Property 'displayName' does not exist on type 'User'.
pages/SDLProjectCreate.tsx(88,24): error TS2339: Property 'uid' does not exist on type 'User'.
pages/SDLProjectCreate.tsx(89,26): error TS2339: Property 'displayName' does not exist on type 'User'.
pages/SDLProjectCreate.tsx(90,28): error TS2339: Property 'photoURL' does not exist on type 'User'.
pages/SDLProjectDetail.tsx(190,25): error TS2339: Property 'uid' does not exist on type 'User'.
pages/SDLProjectDetail.tsx(191,70): error TS2339: Property 'uid' does not exist on type 'User'.
pages/SDLProjectDetail.tsx(196,67): error TS2339: Property 'uid' does not exist on type 'User'.
pages/SDLProjectDetail.tsx(222,28): error TS2339: Property 'uid' does not exist on type 'User'.
pages/SDLProjectDetail.tsx(256,25): error TS2339: Property 'uid' does not exist on type 'User'.
pages/SDLProjectDetail.tsx(257,27): error TS2339: Property 'displayName' does not exist on type 'User'.
pages/SDLProjectDetail.tsx(278,25): error TS2339: Property 'uid' does not exist on type 'User'.
pages/SDLProjectDetail.tsx(279,27): error TS2339: Property 'displayName' does not exist on type 'User'.
pages/SDLProjectDetail.tsx(668,128): error TS2339: Property 'uid' does not exist on type 'User'.
pages/SDLProjectDetail.tsx(973,80): error TS2339: Property 'displayName' does not exist on type 'User'.
pages/SkillAssessment.tsx(357,58): error TS2339: Property 'uid' does not exist on type 'User'.
